// Jest Snapshot v1, https://goo.gl/fbAQLP

exports[`TopArtists.jsx error from Spotify api matches the snapshot 1`] = `
<div
  className="p-3 row"
>
  <div
    className="text-center col-12"
  >
    <h3
      className="display-5"
    >
       Top Artists 
    </h3>
    <div
      style={
        Object {
          "height": "4vh",
        }
      }
    />
  </div>
</div>
`;

exports[`TopArtists.jsx recieved top artist data matches the snapshot 1`] = `
<div
  className="p-3 row"
>
  <div
    className="text-center col-12"
  >
    <h3
      className="display-5"
    >
       Top Artists 
    </h3>
    <div
      style={
        Object {
          "height": "4vh",
        }
      }
    />
  </div>
</div>
`;

exports[`TopArtists.jsx with empty artist array matches the snapshot 1`] = `
<div
  className="p-3 row"
>
  <div
    className="text-center col-12"
  >
    <h3
      className="display-5"
    >
       Top Artists 
    </h3>
    <div
      style={
        Object {
          "height": "4vh",
        }
      }
    />
  </div>
</div>
`;
