// Jest Snapshot v1, https://goo.gl/fbAQLP

exports[`TopTracks.jsx error from Spotify api matches the snapshot 1`] = `
<div
  className="p-3 row"
>
  <div
    className="text-center col-12"
  >
    <h3
      className="display-5"
    >
       Top Tracks 
    </h3>
    <div
      style={
        Object {
          "height": "4vh",
        }
      }
    />
  </div>
</div>
`;

exports[`TopTracks.jsx recieved top track data matches the snapshot 1`] = `
<div
  className="p-3 row"
>
  <div
    className="text-center col-12"
  >
    <h3
      className="display-5"
    >
       Top Tracks 
    </h3>
    <div
      style={
        Object {
          "height": "4vh",
        }
      }
    />
  </div>
</div>
`;

exports[`TopTracks.jsx with empty track array matches the snapshot 1`] = `
<div
  className="p-3 row"
>
  <div
    className="text-center col-12"
  >
    <h3
      className="display-5"
    >
       Top Tracks 
    </h3>
    <div
      style={
        Object {
          "height": "4vh",
        }
      }
    />
  </div>
</div>
`;
